Component: ARM Compiler 5.06 update 7 (build 960) Tool: armlink [4d3601]

==============================================================================

Section Cross References

    main.o(i.Task1_Entry) refers to main.o(i.delay) for delay
    main.o(i.Task1_Entry) refers to main.o(.data) for flag1
    main.o(i.Task2_Entry) refers to main.o(i.delay) for delay
    main.o(i.Task2_Entry) refers to main.o(.data) for flag2
    main.o(i.main) refers to task.o(i.prvInitialiseTaskLists) for prvInitialiseTaskLists
    main.o(i.main) refers to task.o(i.xTaskCreateStatic) for xTaskCreateStatic
    main.o(i.main) refers to list.o(i.vListInsertEnd) for vListInsertEnd
    main.o(i.main) refers to task.o(i.vTaskStartScheduler) for vTaskStartScheduler
    main.o(i.main) refers to main.o(.bss) for Task1TCB
    main.o(i.main) refers to main.o(i.Task1_Entry) for Task1_Entry
    main.o(i.main) refers to main.o(.data) for Task1_Handle
    main.o(i.main) refers to main.o(i.Task2_Entry) for Task2_Entry
    main.o(i.main) refers to task.o(.bss) for pxReadyTasksLists
    port.o(.emb_text) refers to task.o(.data) for pxCurrentTCB
    port.o(.emb_text) refers to task.o(i.vTaskSwitchContext) for vTaskSwitchContext
    port.o(i.pxPortInitialiseStack) refers to port.o(i.prvTaskExitError) for prvTaskExitError
    port.o(i.xPortStartScheduler) refers to port.o(.emb_text) for prvStartFirstTask
    task.o(i.prvInitialiseNewTask) refers to list.o(i.vListInitialiseItem) for vListInitialiseItem
    task.o(i.prvInitialiseNewTask) refers to port.o(i.pxPortInitialiseStack) for pxPortInitialiseStack
    task.o(i.prvInitialiseTaskLists) refers to list.o(i.vListInitialise) for vListInitialise
    task.o(i.prvInitialiseTaskLists) refers to task.o(.bss) for pxReadyTasksLists
    task.o(i.vTaskStartScheduler) refers to port.o(i.xPortStartScheduler) for xPortStartScheduler
    task.o(i.vTaskStartScheduler) refers to main.o(.bss) for Task1TCB
    task.o(i.vTaskStartScheduler) refers to task.o(.data) for pxCurrentTCB
    task.o(i.vTaskSwitchContext) refers to task.o(.data) for pxCurrentTCB
    task.o(i.vTaskSwitchContext) refers to main.o(.bss) for Task1TCB
    task.o(i.xTaskCreateStatic) refers to task.o(i.prvInitialiseNewTask) for prvInitialiseNewTask
    startup_armcm3.o(i.Reset_Handler) refers to system_armcm3.o(i.SystemInit) for SystemInit
    startup_armcm3.o(i.Reset_Handler) refers to entry.o(.ARM.Collect$$$$00000000) for __main
    startup_armcm3.o(RESET) refers to startup_armcm3.o(i.Reset_Handler) for Reset_Handler
    startup_armcm3.o(RESET) refers to startup_armcm3.o(i.Default_Handler) for NMI_Handler
    startup_armcm3.o(RESET) refers to startup_armcm3.o(i.HardFault_Handler) for HardFault_Handler
    startup_armcm3.o(RESET) refers to port.o(.emb_text) for SVC_Handler
    system_armcm3.o(i.SystemCoreClockUpdate) refers to system_armcm3.o(.data) for SystemCoreClock
    system_armcm3.o(i.SystemInit) refers to startup_armcm3.o(RESET) for __Vectors
    system_armcm3.o(i.SystemInit) refers to system_armcm3.o(.data) for SystemCoreClock
    entry.o(.ARM.Collect$$$$00000000) refers (Special) to entry10a.o(.ARM.Collect$$$$0000000F) for __rt_final_cpp
    entry.o(.ARM.Collect$$$$00000000) refers (Special) to entry11a.o(.ARM.Collect$$$$00000011) for __rt_final_exit
    entry.o(.ARM.Collect$$$$00000000) refers (Special) to entry12b.o(.ARM.Collect$$$$0000000E) for __rt_lib_shutdown_fini
    entry.o(.ARM.Collect$$$$00000000) refers (Special) to entry7b.o(.ARM.Collect$$$$00000008) for _main_clock
    entry.o(.ARM.Collect$$$$00000000) refers (Special) to entry8b.o(.ARM.Collect$$$$0000000A) for _main_cpp_init
    entry.o(.ARM.Collect$$$$00000000) refers (Special) to entry9a.o(.ARM.Collect$$$$0000000B) for _main_init
    entry.o(.ARM.Collect$$$$00000000) refers (Special) to entry5.o(.ARM.Collect$$$$00000004) for _main_scatterload
    entry.o(.ARM.Collect$$$$00000000) refers (Special) to entry4.o(.ARM.Collect$$$$00000003) for _main_stk
    entry4.o(.ARM.Collect$$$$00000003) refers to entry4.o(.ARM.Collect$$$$00002714) for __lit__00000000
    entry4.o(__vectab_stack_and_reset_area) refers to entry.o(.ARM.Collect$$$$00000000) for __main
    entry5.o(.ARM.Collect$$$$00000004) refers to init.o(.text) for __scatterload
    entry9a.o(.ARM.Collect$$$$0000000B) refers to main.o(i.main) for main
    entry9b.o(.ARM.Collect$$$$0000000C) refers to main.o(i.main) for main
    init.o(.text) refers to entry5.o(.ARM.Collect$$$$00000004) for __main_after_scatterload


==============================================================================

Removing Unused input sections from the image.

    Removing list.o(i.uxListRemove), (40 bytes).
    Removing list.o(i.vListInsert), (52 bytes).
    Removing startup_armcm3.o(.rev16_text), (4 bytes).
    Removing startup_armcm3.o(.revsh_text), (4 bytes).
    Removing startup_armcm3.o(.rrx_text), (6 bytes).
    Removing system_armcm3.o(.rev16_text), (4 bytes).
    Removing system_armcm3.o(.revsh_text), (4 bytes).
    Removing system_armcm3.o(.rrx_text), (6 bytes).
    Removing system_armcm3.o(i.SystemCoreClockUpdate), (16 bytes).

9 unused section(s) (total 136 bytes) removed from the image.

==============================================================================

Image Symbol Table

    Local Symbols

    Symbol Name                              Value     Ov Type        Size  Object(Section)

    RESET                                    0x00000000   Section      960  startup_armcm3.o(RESET)
    ../clib/microlib/init/entry.s            0x00000000   Number         0  entry8b.o ABSOLUTE
    ../clib/microlib/init/entry.s            0x00000000   Number         0  entry.o ABSOLUTE
    ../clib/microlib/init/entry.s            0x00000000   Number         0  entry4.o ABSOLUTE
    ../clib/microlib/init/entry.s            0x00000000   Number         0  entry12b.o ABSOLUTE
    ../clib/microlib/init/entry.s            0x00000000   Number         0  entry11b.o ABSOLUTE
    ../clib/microlib/init/entry.s            0x00000000   Number         0  entry11a.o ABSOLUTE
    ../clib/microlib/init/entry.s            0x00000000   Number         0  entry5.o ABSOLUTE
    ../clib/microlib/init/entry.s            0x00000000   Number         0  entry7a.o ABSOLUTE
    ../clib/microlib/init/entry.s            0x00000000   Number         0  entry10b.o ABSOLUTE
    ../clib/microlib/init/entry.s            0x00000000   Number         0  entry10a.o ABSOLUTE
    ../clib/microlib/init/entry.s            0x00000000   Number         0  entry9b.o ABSOLUTE
    ../clib/microlib/init/entry.s            0x00000000   Number         0  entry12a.o ABSOLUTE
    ../clib/microlib/init/entry.s            0x00000000   Number         0  entry7b.o ABSOLUTE
    ../clib/microlib/init/entry.s            0x00000000   Number         0  entry9a.o ABSOLUTE
    ../clib/microlib/init/entry.s            0x00000000   Number         0  entry8a.o ABSOLUTE
    ..\\third_lib\\freertos\\portable\\RVDS\\ARM_CM3\\port.c 0x00000000   Number         0  port.o ABSOLUTE
    ..\app\main.c                            0x00000000   Number         0  main.o ABSOLUTE
    ..\third_lib\freertos\list.c             0x00000000   Number         0  list.o ABSOLUTE
    ..\third_lib\freertos\portable\RVDS\ARM_CM3\port.c 0x00000000   Number         0  port.o ABSOLUTE
    ..\third_lib\freertos\task.c             0x00000000   Number         0  task.o ABSOLUTE
    RTE/Device/ARMCM3/startup_ARMCM3.c       0x00000000   Number         0  startup_armcm3.o ABSOLUTE
    RTE/Device/ARMCM3/system_ARMCM3.c        0x00000000   Number         0  system_armcm3.o ABSOLUTE
    RTE\Device\ARMCM3\startup_ARMCM3.c       0x00000000   Number         0  startup_armcm3.o ABSOLUTE
    RTE\Device\ARMCM3\system_ARMCM3.c        0x00000000   Number         0  system_armcm3.o ABSOLUTE
    __tagsym$$used                           0x00000000   Number         0  startup_armcm3.o(RESET)
    dc.s                                     0x00000000   Number         0  dc.o ABSOLUTE
    handlers.s                               0x00000000   Number         0  handlers.o ABSOLUTE
    init.s                                   0x00000000   Number         0  init.o ABSOLUTE
    .ARM.Collect$$$$00000000                 0x000003c0   Section        0  entry.o(.ARM.Collect$$$$00000000)
    .ARM.Collect$$$$00000003                 0x000003c0   Section        4  entry4.o(.ARM.Collect$$$$00000003)
    .ARM.Collect$$$$00000004                 0x000003c4   Section        4  entry5.o(.ARM.Collect$$$$00000004)
    .ARM.Collect$$$$00000008                 0x000003c8   Section        0  entry7b.o(.ARM.Collect$$$$00000008)
    .ARM.Collect$$$$0000000A                 0x000003c8   Section        0  entry8b.o(.ARM.Collect$$$$0000000A)
    .ARM.Collect$$$$0000000B                 0x000003c8   Section        8  entry9a.o(.ARM.Collect$$$$0000000B)
    .ARM.Collect$$$$0000000E                 0x000003d0   Section        4  entry12b.o(.ARM.Collect$$$$0000000E)
    .ARM.Collect$$$$0000000F                 0x000003d4   Section        0  entry10a.o(.ARM.Collect$$$$0000000F)
    .ARM.Collect$$$$00000011                 0x000003d4   Section        0  entry11a.o(.ARM.Collect$$$$00000011)
    .ARM.Collect$$$$00002714                 0x000003d4   Section        4  entry4.o(.ARM.Collect$$$$00002714)
    __lit__00000000                          0x000003d4   Data           4  entry4.o(.ARM.Collect$$$$00002714)
    .emb_text                                0x000003d8   Section      144  port.o(.emb_text)
    .text                                    0x00000468   Section       36  init.o(.text)
    i.Default_Handler                        0x0000048c   Section        0  startup_armcm3.o(i.Default_Handler)
    i.HardFault_Handler                      0x00000490   Section        0  startup_armcm3.o(i.HardFault_Handler)
    i.Reset_Handler                          0x00000494   Section        0  startup_armcm3.o(i.Reset_Handler)
    i.SystemInit                             0x0000049c   Section        0  system_armcm3.o(i.SystemInit)
    i.Task1_Entry                            0x000004bc   Section        0  main.o(i.Task1_Entry)
    i.Task2_Entry                            0x00000500   Section        0  main.o(i.Task2_Entry)
    i.__scatterload_copy                     0x00000544   Section       14  handlers.o(i.__scatterload_copy)
    i.__scatterload_null                     0x00000552   Section        2  handlers.o(i.__scatterload_null)
    i.__scatterload_zeroinit                 0x00000554   Section       14  handlers.o(i.__scatterload_zeroinit)
    i.delay                                  0x00000562   Section        0  main.o(i.delay)
    i.main                                   0x0000056c   Section        0  main.o(i.main)
    i.prvInitialiseNewTask                   0x000005f4   Section        0  task.o(i.prvInitialiseNewTask)
    prvInitialiseNewTask                     0x000005f5   Thumb Code    96  task.o(i.prvInitialiseNewTask)
    i.prvInitialiseTaskLists                 0x00000654   Section        0  task.o(i.prvInitialiseTaskLists)
    i.prvTaskExitError                       0x00000674   Section        0  port.o(i.prvTaskExitError)
    prvTaskExitError                         0x00000675   Thumb Code     4  port.o(i.prvTaskExitError)
    i.pxPortInitialiseStack                  0x00000678   Section        0  port.o(i.pxPortInitialiseStack)
    i.vListInitialise                        0x0000069c   Section        0  list.o(i.vListInitialise)
    i.vListInitialiseItem                    0x000006b6   Section        0  list.o(i.vListInitialiseItem)
    i.vListInsertEnd                         0x000006bc   Section        0  list.o(i.vListInsertEnd)
    i.vTaskStartScheduler                    0x000006d8   Section        0  task.o(i.vTaskStartScheduler)
    i.vTaskSwitchContext                     0x000006f0   Section        0  task.o(i.vTaskSwitchContext)
    i.xPortStartScheduler                    0x00000718   Section        0  port.o(i.xPortStartScheduler)
    i.xTaskCreateStatic                      0x0000073c   Section        0  task.o(i.xTaskCreateStatic)
    .data                                    0x20000000   Section       16  main.o(.data)
    .data                                    0x20000010   Section        4  task.o(.data)
    .data                                    0x20000014   Section        4  system_armcm3.o(.data)
    .bss                                     0x20000018   Section      248  main.o(.bss)
    .bss                                     0x20000110   Section      640  task.o(.bss)

    Global Symbols

    Symbol Name                              Value     Ov Type        Size  Object(Section)

    BuildAttributes$$THM_ISAv4$P$D$K$B$S$PE$A:L22UL41UL21$X:L11$S22US41US21$IEEE1$IW$USESV6$~STKCKD$USESV7$~SHL$OSPACE$EBA8$MICROLIB$REQ8$PRES8$EABIv2 0x00000000   Number         0  anon$$obj.o ABSOLUTE
    __ARM_use_no_argv                        0x00000000   Number         0  main.o ABSOLUTE
    __Vectors                                0x00000000   Data         960  startup_armcm3.o(RESET)
    __arm_fini_                               - Undefined Weak Reference
    __cpp_initialize__aeabi_                  - Undefined Weak Reference
    __cxa_finalize                            - Undefined Weak Reference
    __decompress                              - Undefined Weak Reference
    _clock_init                               - Undefined Weak Reference
    _microlib_exit                            - Undefined Weak Reference
    __main                                   0x000003c1   Thumb Code     0  entry.o(.ARM.Collect$$$$00000000)
    _main_stk                                0x000003c1   Thumb Code     0  entry4.o(.ARM.Collect$$$$00000003)
    _main_scatterload                        0x000003c5   Thumb Code     0  entry5.o(.ARM.Collect$$$$00000004)
    __main_after_scatterload                 0x000003c9   Thumb Code     0  entry5.o(.ARM.Collect$$$$00000004)
    _main_clock                              0x000003c9   Thumb Code     0  entry7b.o(.ARM.Collect$$$$00000008)
    _main_cpp_init                           0x000003c9   Thumb Code     0  entry8b.o(.ARM.Collect$$$$0000000A)
    _main_init                               0x000003c9   Thumb Code     0  entry9a.o(.ARM.Collect$$$$0000000B)
    __rt_lib_shutdown_fini                   0x000003d1   Thumb Code     0  entry12b.o(.ARM.Collect$$$$0000000E)
    __rt_final_cpp                           0x000003d5   Thumb Code     0  entry10a.o(.ARM.Collect$$$$0000000F)
    __rt_final_exit                          0x000003d5   Thumb Code     0  entry11a.o(.ARM.Collect$$$$00000011)
    prvStartFirstTask                        0x000003d9   Thumb Code    28  port.o(.emb_text)
    SVC_Handler                              0x000003f9   Thumb Code    32  port.o(.emb_text)
    PendSV_Handler                           0x0000041d   Thumb Code    72  port.o(.emb_text)
    __scatterload                            0x00000469   Thumb Code    28  init.o(.text)
    __scatterload_rt2                        0x00000469   Thumb Code     0  init.o(.text)
    BusFault_Handler                         0x0000048d   Thumb Code     0  startup_armcm3.o(i.Default_Handler)
    DebugMon_Handler                         0x0000048d   Thumb Code     0  startup_armcm3.o(i.Default_Handler)
    Default_Handler                          0x0000048d   Thumb Code     4  startup_armcm3.o(i.Default_Handler)
    Interrupt0_Handler                       0x0000048d   Thumb Code     0  startup_armcm3.o(i.Default_Handler)
    Interrupt1_Handler                       0x0000048d   Thumb Code     0  startup_armcm3.o(i.Default_Handler)
    Interrupt2_Handler                       0x0000048d   Thumb Code     0  startup_armcm3.o(i.Default_Handler)
    Interrupt3_Handler                       0x0000048d   Thumb Code     0  startup_armcm3.o(i.Default_Handler)
    Interrupt4_Handler                       0x0000048d   Thumb Code     0  startup_armcm3.o(i.Default_Handler)
    Interrupt5_Handler                       0x0000048d   Thumb Code     0  startup_armcm3.o(i.Default_Handler)
    Interrupt6_Handler                       0x0000048d   Thumb Code     0  startup_armcm3.o(i.Default_Handler)
    Interrupt7_Handler                       0x0000048d   Thumb Code     0  startup_armcm3.o(i.Default_Handler)
    Interrupt8_Handler                       0x0000048d   Thumb Code     0  startup_armcm3.o(i.Default_Handler)
    Interrupt9_Handler                       0x0000048d   Thumb Code     0  startup_armcm3.o(i.Default_Handler)
    MemManage_Handler                        0x0000048d   Thumb Code     0  startup_armcm3.o(i.Default_Handler)
    NMI_Handler                              0x0000048d   Thumb Code     0  startup_armcm3.o(i.Default_Handler)
    SysTick_Handler                          0x0000048d   Thumb Code     0  startup_armcm3.o(i.Default_Handler)
    UsageFault_Handler                       0x0000048d   Thumb Code     0  startup_armcm3.o(i.Default_Handler)
    HardFault_Handler                        0x00000491   Thumb Code     4  startup_armcm3.o(i.HardFault_Handler)
    Reset_Handler                            0x00000495   Thumb Code     8  startup_armcm3.o(i.Reset_Handler)
    SystemInit                               0x0000049d   Thumb Code    14  system_armcm3.o(i.SystemInit)
    Task1_Entry                              0x000004bd   Thumb Code    60  main.o(i.Task1_Entry)
    Task2_Entry                              0x00000501   Thumb Code    60  main.o(i.Task2_Entry)
    __scatterload_copy                       0x00000545   Thumb Code    14  handlers.o(i.__scatterload_copy)
    __scatterload_null                       0x00000553   Thumb Code     2  handlers.o(i.__scatterload_null)
    __scatterload_zeroinit                   0x00000555   Thumb Code    14  handlers.o(i.__scatterload_zeroinit)
    delay                                    0x00000563   Thumb Code    10  main.o(i.delay)
    main                                     0x0000056d   Thumb Code    84  main.o(i.main)
    prvInitialiseTaskLists                   0x00000655   Thumb Code    28  task.o(i.prvInitialiseTaskLists)
    pxPortInitialiseStack                    0x00000679   Thumb Code    30  port.o(i.pxPortInitialiseStack)
    vListInitialise                          0x0000069d   Thumb Code    26  list.o(i.vListInitialise)
    vListInitialiseItem                      0x000006b7   Thumb Code     6  list.o(i.vListInitialiseItem)
    vListInsertEnd                           0x000006bd   Thumb Code    28  list.o(i.vListInsertEnd)
    vTaskStartScheduler                      0x000006d9   Thumb Code    14  task.o(i.vTaskStartScheduler)
    vTaskSwitchContext                       0x000006f1   Thumb Code    26  task.o(i.vTaskSwitchContext)
    xPortStartScheduler                      0x00000719   Thumb Code    32  port.o(i.xPortStartScheduler)
    xTaskCreateStatic                        0x0000073d   Thumb Code    54  task.o(i.xTaskCreateStatic)
    Region$$Table$$Base                      0x00000774   Number         0  anon$$obj.o(Region$$Table)
    Region$$Table$$Limit                     0x00000794   Number         0  anon$$obj.o(Region$$Table)
    flag1                                    0x20000000   Data           4  main.o(.data)
    flag2                                    0x20000004   Data           4  main.o(.data)
    Task1_Handle                             0x20000008   Data           4  main.o(.data)
    Task2_Handle                             0x2000000c   Data           4  main.o(.data)
    pxCurrentTCB                             0x20000010   Data           4  task.o(.data)
    SystemCoreClock                          0x20000014   Data           4  system_armcm3.o(.data)
    Task1Stack                               0x20000018   Data          80  main.o(.bss)
    Task1TCB                                 0x20000068   Data          44  main.o(.bss)
    Task2Stack                               0x20000094   Data          80  main.o(.bss)
    Task2TCB                                 0x200000e4   Data          44  main.o(.bss)
    pxReadyTasksLists                        0x20000110   Data         640  task.o(.bss)
    Image$$ARM_LIB_STACK$$ZI$$Limit          0x20040000   Number         0  anon$$obj.o ABSOLUTE



==============================================================================

Memory Map of the image

  Image Entry point : 0x000003c1

  Load Region LR_ROM (Base: 0x00000000, Size: 0x000007ac, Max: 0x00080000, ABSOLUTE)

    Execution Region ER_ROM (Exec base: 0x00000000, Load base: 0x00000000, Size: 0x00000794, Max: 0x00080000, ABSOLUTE)

    Exec Addr    Load Addr    Size         Type   Attr      Idx    E Section Name        Object

    0x00000000   0x00000000   0x000003c0   Data   RO          186    RESET               startup_armcm3.o
    0x000003c0   0x000003c0   0x00000000   Code   RO          280  * .ARM.Collect$$$$00000000  mc_w.l(entry.o)
    0x000003c0   0x000003c0   0x00000004   Code   RO          283    .ARM.Collect$$$$00000003  mc_w.l(entry4.o)
    0x000003c4   0x000003c4   0x00000004   Code   RO          286    .ARM.Collect$$$$00000004  mc_w.l(entry5.o)
    0x000003c8   0x000003c8   0x00000000   Code   RO          288    .ARM.Collect$$$$00000008  mc_w.l(entry7b.o)
    0x000003c8   0x000003c8   0x00000000   Code   RO          290    .ARM.Collect$$$$0000000A  mc_w.l(entry8b.o)
    0x000003c8   0x000003c8   0x00000008   Code   RO          291    .ARM.Collect$$$$0000000B  mc_w.l(entry9a.o)
    0x000003d0   0x000003d0   0x00000004   Code   RO          298    .ARM.Collect$$$$0000000E  mc_w.l(entry12b.o)
    0x000003d4   0x000003d4   0x00000000   Code   RO          293    .ARM.Collect$$$$0000000F  mc_w.l(entry10a.o)
    0x000003d4   0x000003d4   0x00000000   Code   RO          295    .ARM.Collect$$$$00000011  mc_w.l(entry11a.o)
    0x000003d4   0x000003d4   0x00000004   Code   RO          284    .ARM.Collect$$$$00002714  mc_w.l(entry4.o)
    0x000003d8   0x000003d8   0x00000090   Code   RO           67    .emb_text           port.o
    0x00000468   0x00000468   0x00000024   Code   RO          299    .text               mc_w.l(init.o)
    0x0000048c   0x0000048c   0x00000004   Code   RO          183    i.Default_Handler   startup_armcm3.o
    0x00000490   0x00000490   0x00000004   Code   RO          184    i.HardFault_Handler  startup_armcm3.o
    0x00000494   0x00000494   0x00000008   Code   RO          185    i.Reset_Handler     startup_armcm3.o
    0x0000049c   0x0000049c   0x00000020   Code   RO          247    i.SystemInit        system_armcm3.o
    0x000004bc   0x000004bc   0x00000044   Code   RO            3    i.Task1_Entry       main.o
    0x00000500   0x00000500   0x00000044   Code   RO            4    i.Task2_Entry       main.o
    0x00000544   0x00000544   0x0000000e   Code   RO          303    i.__scatterload_copy  mc_w.l(handlers.o)
    0x00000552   0x00000552   0x00000002   Code   RO          304    i.__scatterload_null  mc_w.l(handlers.o)
    0x00000554   0x00000554   0x0000000e   Code   RO          305    i.__scatterload_zeroinit  mc_w.l(handlers.o)
    0x00000562   0x00000562   0x0000000a   Code   RO            5    i.delay             main.o
    0x0000056c   0x0000056c   0x00000088   Code   RO            6    i.main              main.o
    0x000005f4   0x000005f4   0x00000060   Code   RO          137    i.prvInitialiseNewTask  task.o
    0x00000654   0x00000654   0x00000020   Code   RO          138    i.prvInitialiseTaskLists  task.o
    0x00000674   0x00000674   0x00000004   Code   RO           68    i.prvTaskExitError  port.o
    0x00000678   0x00000678   0x00000024   Code   RO           69    i.pxPortInitialiseStack  port.o
    0x0000069c   0x0000069c   0x0000001a   Code   RO           96    i.vListInitialise   list.o
    0x000006b6   0x000006b6   0x00000006   Code   RO           97    i.vListInitialiseItem  list.o
    0x000006bc   0x000006bc   0x0000001c   Code   RO           99    i.vListInsertEnd    list.o
    0x000006d8   0x000006d8   0x00000018   Code   RO          139    i.vTaskStartScheduler  task.o
    0x000006f0   0x000006f0   0x00000028   Code   RO          140    i.vTaskSwitchContext  task.o
    0x00000718   0x00000718   0x00000024   Code   RO           70    i.xPortStartScheduler  port.o
    0x0000073c   0x0000073c   0x00000036   Code   RO          141    i.xTaskCreateStatic  task.o
    0x00000772   0x00000772   0x00000002   PAD
    0x00000774   0x00000774   0x00000020   Data   RO          301    Region$$Table       anon$$obj.o


    Execution Region RW_RAM (Exec base: 0x20000000, Load base: 0x00000794, Size: 0x00000390, Max: 0x0003f200, ABSOLUTE)

    Exec Addr    Load Addr    Size         Type   Attr      Idx    E Section Name        Object

    0x20000000   0x00000794   0x00000010   Data   RW            8    .data               main.o
    0x20000010   0x000007a4   0x00000004   Data   RW          143    .data               task.o
    0x20000014   0x000007a8   0x00000004   Data   RW          248    .data               system_armcm3.o
    0x20000018        -       0x000000f8   Zero   RW            7    .bss                main.o
    0x20000110        -       0x00000280   Zero   RW          142    .bss                task.o


    Execution Region ARM_LIB_HEAP (Exec base: 0x20000390, Load base: 0x000007ac, Size: 0x00000c00, Max: 0x00000c00, ABSOLUTE)

    Exec Addr    Load Addr    Size         Type   Attr      Idx    E Section Name        Object

    0x20000390        -       0x00000c00   Zero   RW            1    ARM_LIB_HEAP.bss    anon$$obj.o


    Execution Region ARM_LIB_STACK (Exec base: 0x2003fe00, Load base: 0x000007ac, Size: 0x00000200, Max: 0x00000200, ABSOLUTE)

    Exec Addr    Load Addr    Size         Type   Attr      Idx    E Section Name        Object

    0x2003fe00        -       0x00000200   Zero   RW            2    ARM_LIB_STACK.bss   anon$$obj.o


==============================================================================

Image component sizes


      Code (inc. data)   RO Data    RW Data    ZI Data      Debug   Object Name

        60          0          0          0          0       2105   list.o
       282         68          0         16        248      11091   main.o
       220         22          0          0          0       3090   port.o
        16          0        960          0          0       2642   startup_armcm3.o
        32         18          0          4          0        719   system_armcm3.o
       246         28          0          4        640       4293   task.o

    ----------------------------------------------------------------------
       858        136        992         24       4472      23940   Object Totals
         0          0         32          0       3584          0   (incl. Generated)
         2          0          0          0          0          0   (incl. Padding)

    ----------------------------------------------------------------------

      Code (inc. data)   RO Data    RW Data    ZI Data      Debug   Library Member Name

         0          0          0          0          0          0   entry.o
         0          0          0          0          0          0   entry10a.o
         0          0          0          0          0          0   entry11a.o
         4          0          0          0          0          0   entry12b.o
         8          4          0          0          0          0   entry4.o
         4          0          0          0          0          0   entry5.o
         0          0          0          0          0          0   entry7b.o
         0          0          0          0          0          0   entry8b.o
         8          4          0          0          0          0   entry9a.o
        30          0          0          0          0          0   handlers.o
        36          8          0          0          0         68   init.o

    ----------------------------------------------------------------------
        90         16          0          0          0         68   Library Totals
         0          0          0          0          0          0   (incl. Padding)

    ----------------------------------------------------------------------

      Code (inc. data)   RO Data    RW Data    ZI Data      Debug   Library Name

        90         16          0          0          0         68   mc_w.l

    ----------------------------------------------------------------------
        90         16          0          0          0         68   Library Totals

    ----------------------------------------------------------------------

==============================================================================


      Code (inc. data)   RO Data    RW Data    ZI Data      Debug   

       948        152        992         24       4472      23380   Grand Totals
       948        152        992         24       4472      23380   ELF Image Totals
       948        152        992         24          0          0   ROM Totals

==============================================================================

    Total RO  Size (Code + RO Data)                 1940 (   1.89kB)
    Total RW  Size (RW Data + ZI Data)              4496 (   4.39kB)
    Total ROM Size (Code + RO Data + RW Data)       1964 (   1.92kB)

==============================================================================

