Component: ARM Compiler 5.06 update 7 (build 960) Tool: armlink [4d3601]

==============================================================================

Section Cross References

    main.o(i.main) refers to list.o(i.vListInitialise) for vListInitialise
    main.o(i.main) refers to list.o(i.vListInitialiseItem) for vListInitialiseItem
    main.o(i.main) refers to list.o(i.vListInsert) for vListInsert
    main.o(i.main) refers to main.o(.bss) for list_test
    startup_armcm3.o(i.Reset_Handler) refers to system_armcm3.o(i.SystemInit) for SystemInit
    startup_armcm3.o(i.Reset_Handler) refers to entry.o(.ARM.Collect$$$$00000000) for __main
    startup_armcm3.o(RESET) refers to startup_armcm3.o(i.Reset_Handler) for Reset_Handler
    startup_armcm3.o(RESET) refers to startup_armcm3.o(i.Default_Handler) for NMI_Handler
    startup_armcm3.o(RESET) refers to startup_armcm3.o(i.HardFault_Handler) for HardFault_Handler
    system_armcm3.o(i.SystemCoreClockUpdate) refers to system_armcm3.o(.data) for SystemCoreClock
    system_armcm3.o(i.SystemInit) refers to startup_armcm3.o(RESET) for __Vectors
    system_armcm3.o(i.SystemInit) refers to system_armcm3.o(.data) for SystemCoreClock
    entry.o(.ARM.Collect$$$$00000000) refers (Special) to entry10a.o(.ARM.Collect$$$$0000000F) for __rt_final_cpp
    entry.o(.ARM.Collect$$$$00000000) refers (Special) to entry11a.o(.ARM.Collect$$$$00000011) for __rt_final_exit
    entry.o(.ARM.Collect$$$$00000000) refers (Special) to entry12b.o(.ARM.Collect$$$$0000000E) for __rt_lib_shutdown_fini
    entry.o(.ARM.Collect$$$$00000000) refers (Special) to entry7b.o(.ARM.Collect$$$$00000008) for _main_clock
    entry.o(.ARM.Collect$$$$00000000) refers (Special) to entry8b.o(.ARM.Collect$$$$0000000A) for _main_cpp_init
    entry.o(.ARM.Collect$$$$00000000) refers (Special) to entry9a.o(.ARM.Collect$$$$0000000B) for _main_init
    entry.o(.ARM.Collect$$$$00000000) refers (Special) to entry5.o(.ARM.Collect$$$$00000004) for _main_scatterload
    entry.o(.ARM.Collect$$$$00000000) refers (Special) to entry4.o(.ARM.Collect$$$$00000003) for _main_stk
    entry4.o(.ARM.Collect$$$$00000003) refers to entry4.o(.ARM.Collect$$$$00002714) for __lit__00000000
    entry4.o(__vectab_stack_and_reset_area) refers to entry.o(.ARM.Collect$$$$00000000) for __main
    entry5.o(.ARM.Collect$$$$00000004) refers to init.o(.text) for __scatterload
    entry9a.o(.ARM.Collect$$$$0000000B) refers to main.o(i.main) for main
    entry9b.o(.ARM.Collect$$$$0000000C) refers to main.o(i.main) for main
    init.o(.text) refers to entry5.o(.ARM.Collect$$$$00000004) for __main_after_scatterload


==============================================================================

Removing Unused input sections from the image.

    Removing list.o(i.uxListRemove), (40 bytes).
    Removing list.o(i.vListInsertEnd), (28 bytes).
    Removing startup_armcm3.o(.rev16_text), (4 bytes).
    Removing startup_armcm3.o(.revsh_text), (4 bytes).
    Removing startup_armcm3.o(.rrx_text), (6 bytes).
    Removing system_armcm3.o(.rev16_text), (4 bytes).
    Removing system_armcm3.o(.revsh_text), (4 bytes).
    Removing system_armcm3.o(.rrx_text), (6 bytes).
    Removing system_armcm3.o(i.SystemCoreClockUpdate), (16 bytes).

9 unused section(s) (total 112 bytes) removed from the image.

==============================================================================

Image Symbol Table

    Local Symbols

    Symbol Name                              Value     Ov Type        Size  Object(Section)

    RESET                                    0x00000000   Section      960  startup_armcm3.o(RESET)
    ../clib/microlib/init/entry.s            0x00000000   Number         0  entry10a.o ABSOLUTE
    ../clib/microlib/init/entry.s            0x00000000   Number         0  entry9b.o ABSOLUTE
    ../clib/microlib/init/entry.s            0x00000000   Number         0  entry.o ABSOLUTE
    ../clib/microlib/init/entry.s            0x00000000   Number         0  entry5.o ABSOLUTE
    ../clib/microlib/init/entry.s            0x00000000   Number         0  entry9a.o ABSOLUTE
    ../clib/microlib/init/entry.s            0x00000000   Number         0  entry8b.o ABSOLUTE
    ../clib/microlib/init/entry.s            0x00000000   Number         0  entry4.o ABSOLUTE
    ../clib/microlib/init/entry.s            0x00000000   Number         0  entry8a.o ABSOLUTE
    ../clib/microlib/init/entry.s            0x00000000   Number         0  entry7b.o ABSOLUTE
    ../clib/microlib/init/entry.s            0x00000000   Number         0  entry7a.o ABSOLUTE
    ../clib/microlib/init/entry.s            0x00000000   Number         0  entry12b.o ABSOLUTE
    ../clib/microlib/init/entry.s            0x00000000   Number         0  entry12a.o ABSOLUTE
    ../clib/microlib/init/entry.s            0x00000000   Number         0  entry11b.o ABSOLUTE
    ../clib/microlib/init/entry.s            0x00000000   Number         0  entry11a.o ABSOLUTE
    ../clib/microlib/init/entry.s            0x00000000   Number         0  entry10b.o ABSOLUTE
    ..\app\main.c                            0x00000000   Number         0  main.o ABSOLUTE
    ..\third_lib\freertos\list.c             0x00000000   Number         0  list.o ABSOLUTE
    RTE/Device/ARMCM3/startup_ARMCM3.c       0x00000000   Number         0  startup_armcm3.o ABSOLUTE
    RTE/Device/ARMCM3/system_ARMCM3.c        0x00000000   Number         0  system_armcm3.o ABSOLUTE
    RTE\Device\ARMCM3\startup_ARMCM3.c       0x00000000   Number         0  startup_armcm3.o ABSOLUTE
    RTE\Device\ARMCM3\system_ARMCM3.c        0x00000000   Number         0  system_armcm3.o ABSOLUTE
    __tagsym$$used                           0x00000000   Number         0  startup_armcm3.o(RESET)
    dc.s                                     0x00000000   Number         0  dc.o ABSOLUTE
    handlers.s                               0x00000000   Number         0  handlers.o ABSOLUTE
    init.s                                   0x00000000   Number         0  init.o ABSOLUTE
    .ARM.Collect$$$$00000000                 0x000003c0   Section        0  entry.o(.ARM.Collect$$$$00000000)
    .ARM.Collect$$$$00000003                 0x000003c0   Section        4  entry4.o(.ARM.Collect$$$$00000003)
    .ARM.Collect$$$$00000004                 0x000003c4   Section        4  entry5.o(.ARM.Collect$$$$00000004)
    .ARM.Collect$$$$00000008                 0x000003c8   Section        0  entry7b.o(.ARM.Collect$$$$00000008)
    .ARM.Collect$$$$0000000A                 0x000003c8   Section        0  entry8b.o(.ARM.Collect$$$$0000000A)
    .ARM.Collect$$$$0000000B                 0x000003c8   Section        8  entry9a.o(.ARM.Collect$$$$0000000B)
    .ARM.Collect$$$$0000000E                 0x000003d0   Section        4  entry12b.o(.ARM.Collect$$$$0000000E)
    .ARM.Collect$$$$0000000F                 0x000003d4   Section        0  entry10a.o(.ARM.Collect$$$$0000000F)
    .ARM.Collect$$$$00000011                 0x000003d4   Section        0  entry11a.o(.ARM.Collect$$$$00000011)
    .ARM.Collect$$$$00002714                 0x000003d4   Section        4  entry4.o(.ARM.Collect$$$$00002714)
    __lit__00000000                          0x000003d4   Data           4  entry4.o(.ARM.Collect$$$$00002714)
    .text                                    0x000003d8   Section       36  init.o(.text)
    i.Default_Handler                        0x000003fc   Section        0  startup_armcm3.o(i.Default_Handler)
    i.HardFault_Handler                      0x00000400   Section        0  startup_armcm3.o(i.HardFault_Handler)
    i.Reset_Handler                          0x00000404   Section        0  startup_armcm3.o(i.Reset_Handler)
    i.SystemInit                             0x0000040c   Section        0  system_armcm3.o(i.SystemInit)
    i.__scatterload_copy                     0x0000042c   Section       14  handlers.o(i.__scatterload_copy)
    i.__scatterload_null                     0x0000043a   Section        2  handlers.o(i.__scatterload_null)
    i.__scatterload_zeroinit                 0x0000043c   Section       14  handlers.o(i.__scatterload_zeroinit)
    i.main                                   0x0000044c   Section        0  main.o(i.main)
    i.vListInitialise                        0x000004a4   Section        0  list.o(i.vListInitialise)
    i.vListInitialiseItem                    0x000004be   Section        0  list.o(i.vListInitialiseItem)
    i.vListInsert                            0x000004c4   Section        0  list.o(i.vListInsert)
    .data                                    0x20000000   Section        4  system_armcm3.o(.data)
    .bss                                     0x20000004   Section       80  main.o(.bss)

    Global Symbols

    Symbol Name                              Value     Ov Type        Size  Object(Section)

    BuildAttributes$$THM_ISAv4$P$D$K$B$S$PE$A:L22UL41UL21$X:L11$S22US41US21$IEEE1$IW$USESV6$~STKCKD$USESV7$~SHL$OSPACE$EBA8$MICROLIB$REQ8$PRES8$EABIv2 0x00000000   Number         0  anon$$obj.o ABSOLUTE
    __ARM_use_no_argv                        0x00000000   Number         0  main.o ABSOLUTE
    __Vectors                                0x00000000   Data         960  startup_armcm3.o(RESET)
    __arm_fini_                               - Undefined Weak Reference
    __cpp_initialize__aeabi_                  - Undefined Weak Reference
    __cxa_finalize                            - Undefined Weak Reference
    __decompress                              - Undefined Weak Reference
    _clock_init                               - Undefined Weak Reference
    _microlib_exit                            - Undefined Weak Reference
    __main                                   0x000003c1   Thumb Code     0  entry.o(.ARM.Collect$$$$00000000)
    _main_stk                                0x000003c1   Thumb Code     0  entry4.o(.ARM.Collect$$$$00000003)
    _main_scatterload                        0x000003c5   Thumb Code     0  entry5.o(.ARM.Collect$$$$00000004)
    __main_after_scatterload                 0x000003c9   Thumb Code     0  entry5.o(.ARM.Collect$$$$00000004)
    _main_clock                              0x000003c9   Thumb Code     0  entry7b.o(.ARM.Collect$$$$00000008)
    _main_cpp_init                           0x000003c9   Thumb Code     0  entry8b.o(.ARM.Collect$$$$0000000A)
    _main_init                               0x000003c9   Thumb Code     0  entry9a.o(.ARM.Collect$$$$0000000B)
    __rt_lib_shutdown_fini                   0x000003d1   Thumb Code     0  entry12b.o(.ARM.Collect$$$$0000000E)
    __rt_final_cpp                           0x000003d5   Thumb Code     0  entry10a.o(.ARM.Collect$$$$0000000F)
    __rt_final_exit                          0x000003d5   Thumb Code     0  entry11a.o(.ARM.Collect$$$$00000011)
    __scatterload                            0x000003d9   Thumb Code    28  init.o(.text)
    __scatterload_rt2                        0x000003d9   Thumb Code     0  init.o(.text)
    BusFault_Handler                         0x000003fd   Thumb Code     0  startup_armcm3.o(i.Default_Handler)
    DebugMon_Handler                         0x000003fd   Thumb Code     0  startup_armcm3.o(i.Default_Handler)
    Default_Handler                          0x000003fd   Thumb Code     4  startup_armcm3.o(i.Default_Handler)
    Interrupt0_Handler                       0x000003fd   Thumb Code     0  startup_armcm3.o(i.Default_Handler)
    Interrupt1_Handler                       0x000003fd   Thumb Code     0  startup_armcm3.o(i.Default_Handler)
    Interrupt2_Handler                       0x000003fd   Thumb Code     0  startup_armcm3.o(i.Default_Handler)
    Interrupt3_Handler                       0x000003fd   Thumb Code     0  startup_armcm3.o(i.Default_Handler)
    Interrupt4_Handler                       0x000003fd   Thumb Code     0  startup_armcm3.o(i.Default_Handler)
    Interrupt5_Handler                       0x000003fd   Thumb Code     0  startup_armcm3.o(i.Default_Handler)
    Interrupt6_Handler                       0x000003fd   Thumb Code     0  startup_armcm3.o(i.Default_Handler)
    Interrupt7_Handler                       0x000003fd   Thumb Code     0  startup_armcm3.o(i.Default_Handler)
    Interrupt8_Handler                       0x000003fd   Thumb Code     0  startup_armcm3.o(i.Default_Handler)
    Interrupt9_Handler                       0x000003fd   Thumb Code     0  startup_armcm3.o(i.Default_Handler)
    MemManage_Handler                        0x000003fd   Thumb Code     0  startup_armcm3.o(i.Default_Handler)
    NMI_Handler                              0x000003fd   Thumb Code     0  startup_armcm3.o(i.Default_Handler)
    PendSV_Handler                           0x000003fd   Thumb Code     0  startup_armcm3.o(i.Default_Handler)
    SVC_Handler                              0x000003fd   Thumb Code     0  startup_armcm3.o(i.Default_Handler)
    SysTick_Handler                          0x000003fd   Thumb Code     0  startup_armcm3.o(i.Default_Handler)
    UsageFault_Handler                       0x000003fd   Thumb Code     0  startup_armcm3.o(i.Default_Handler)
    HardFault_Handler                        0x00000401   Thumb Code     4  startup_armcm3.o(i.HardFault_Handler)
    Reset_Handler                            0x00000405   Thumb Code     8  startup_armcm3.o(i.Reset_Handler)
    SystemInit                               0x0000040d   Thumb Code    14  system_armcm3.o(i.SystemInit)
    __scatterload_copy                       0x0000042d   Thumb Code    14  handlers.o(i.__scatterload_copy)
    __scatterload_null                       0x0000043b   Thumb Code     2  handlers.o(i.__scatterload_null)
    __scatterload_zeroinit                   0x0000043d   Thumb Code    14  handlers.o(i.__scatterload_zeroinit)
    main                                     0x0000044d   Thumb Code    70  main.o(i.main)
    vListInitialise                          0x000004a5   Thumb Code    26  list.o(i.vListInitialise)
    vListInitialiseItem                      0x000004bf   Thumb Code     6  list.o(i.vListInitialiseItem)
    vListInsert                              0x000004c5   Thumb Code    52  list.o(i.vListInsert)
    Region$$Table$$Base                      0x000004f8   Number         0  anon$$obj.o(Region$$Table)
    Region$$Table$$Limit                     0x00000518   Number         0  anon$$obj.o(Region$$Table)
    SystemCoreClock                          0x20000000   Data           4  system_armcm3.o(.data)
    list_test                                0x20000004   Data          20  main.o(.bss)
    list_item1                               0x20000018   Data          20  main.o(.bss)
    list_item2                               0x2000002c   Data          20  main.o(.bss)
    list_item3                               0x20000040   Data          20  main.o(.bss)
    Image$$ARM_LIB_STACK$$ZI$$Limit          0x20040000   Number         0  anon$$obj.o ABSOLUTE



==============================================================================

Memory Map of the image

  Image Entry point : 0x000003c1

  Load Region LR_ROM (Base: 0x00000000, Size: 0x0000051c, Max: 0x00080000, ABSOLUTE)

    Execution Region ER_ROM (Exec base: 0x00000000, Load base: 0x00000000, Size: 0x00000518, Max: 0x00080000, ABSOLUTE)

    Exec Addr    Load Addr    Size         Type   Attr      Idx    E Section Name        Object

    0x00000000   0x00000000   0x000003c0   Data   RO           89    RESET               startup_armcm3.o
    0x000003c0   0x000003c0   0x00000000   Code   RO          184  * .ARM.Collect$$$$00000000  mc_w.l(entry.o)
    0x000003c0   0x000003c0   0x00000004   Code   RO          187    .ARM.Collect$$$$00000003  mc_w.l(entry4.o)
    0x000003c4   0x000003c4   0x00000004   Code   RO          190    .ARM.Collect$$$$00000004  mc_w.l(entry5.o)
    0x000003c8   0x000003c8   0x00000000   Code   RO          192    .ARM.Collect$$$$00000008  mc_w.l(entry7b.o)
    0x000003c8   0x000003c8   0x00000000   Code   RO          194    .ARM.Collect$$$$0000000A  mc_w.l(entry8b.o)
    0x000003c8   0x000003c8   0x00000008   Code   RO          195    .ARM.Collect$$$$0000000B  mc_w.l(entry9a.o)
    0x000003d0   0x000003d0   0x00000004   Code   RO          202    .ARM.Collect$$$$0000000E  mc_w.l(entry12b.o)
    0x000003d4   0x000003d4   0x00000000   Code   RO          197    .ARM.Collect$$$$0000000F  mc_w.l(entry10a.o)
    0x000003d4   0x000003d4   0x00000000   Code   RO          199    .ARM.Collect$$$$00000011  mc_w.l(entry11a.o)
    0x000003d4   0x000003d4   0x00000004   Code   RO          188    .ARM.Collect$$$$00002714  mc_w.l(entry4.o)
    0x000003d8   0x000003d8   0x00000024   Code   RO          203    .text               mc_w.l(init.o)
    0x000003fc   0x000003fc   0x00000004   Code   RO           86    i.Default_Handler   startup_armcm3.o
    0x00000400   0x00000400   0x00000004   Code   RO           87    i.HardFault_Handler  startup_armcm3.o
    0x00000404   0x00000404   0x00000008   Code   RO           88    i.Reset_Handler     startup_armcm3.o
    0x0000040c   0x0000040c   0x00000020   Code   RO          151    i.SystemInit        system_armcm3.o
    0x0000042c   0x0000042c   0x0000000e   Code   RO          207    i.__scatterload_copy  mc_w.l(handlers.o)
    0x0000043a   0x0000043a   0x00000002   Code   RO          208    i.__scatterload_null  mc_w.l(handlers.o)
    0x0000043c   0x0000043c   0x0000000e   Code   RO          209    i.__scatterload_zeroinit  mc_w.l(handlers.o)
    0x0000044a   0x0000044a   0x00000002   PAD
    0x0000044c   0x0000044c   0x00000058   Code   RO            3    i.main              main.o
    0x000004a4   0x000004a4   0x0000001a   Code   RO           42    i.vListInitialise   list.o
    0x000004be   0x000004be   0x00000006   Code   RO           43    i.vListInitialiseItem  list.o
    0x000004c4   0x000004c4   0x00000034   Code   RO           44    i.vListInsert       list.o
    0x000004f8   0x000004f8   0x00000020   Data   RO          205    Region$$Table       anon$$obj.o


    Execution Region RW_RAM (Exec base: 0x20000000, Load base: 0x00000518, Size: 0x00000054, Max: 0x0003f200, ABSOLUTE)

    Exec Addr    Load Addr    Size         Type   Attr      Idx    E Section Name        Object

    0x20000000   0x00000518   0x00000004   Data   RW          152    .data               system_armcm3.o
    0x20000004        -       0x00000050   Zero   RW            4    .bss                main.o


    Execution Region ARM_LIB_HEAP (Exec base: 0x20000058, Load base: 0x0000051c, Size: 0x00000c00, Max: 0x00000c00, ABSOLUTE)

    Exec Addr    Load Addr    Size         Type   Attr      Idx    E Section Name        Object

    0x20000058        -       0x00000c00   Zero   RW            1    ARM_LIB_HEAP.bss    anon$$obj.o


    Execution Region ARM_LIB_STACK (Exec base: 0x2003fe00, Load base: 0x0000051c, Size: 0x00000200, Max: 0x00000200, ABSOLUTE)

    Exec Addr    Load Addr    Size         Type   Attr      Idx    E Section Name        Object

    0x2003fe00        -       0x00000200   Zero   RW            2    ARM_LIB_STACK.bss   anon$$obj.o


==============================================================================

Image component sizes


      Code (inc. data)   RO Data    RW Data    ZI Data      Debug   Object Name

        84          0          0          0          0       2118   list.o
        88         18          0          0         80       7620   main.o
        16          0        960          0          0       2522   startup_armcm3.o
        32         18          0          4          0        675   system_armcm3.o

    ----------------------------------------------------------------------
       220         36        992          4       3664      12935   Object Totals
         0          0         32          0       3584          0   (incl. Generated)
         0          0          0          0          0          0   (incl. Padding)

    ----------------------------------------------------------------------

      Code (inc. data)   RO Data    RW Data    ZI Data      Debug   Library Member Name

         0          0          0          0          0          0   entry.o
         0          0          0          0          0          0   entry10a.o
         0          0          0          0          0          0   entry11a.o
         4          0          0          0          0          0   entry12b.o
         8          4          0          0          0          0   entry4.o
         4          0          0          0          0          0   entry5.o
         0          0          0          0          0          0   entry7b.o
         0          0          0          0          0          0   entry8b.o
         8          4          0          0          0          0   entry9a.o
        30          0          0          0          0          0   handlers.o
        36          8          0          0          0         68   init.o

    ----------------------------------------------------------------------
        92         16          0          0          0         68   Library Totals
         2          0          0          0          0          0   (incl. Padding)

    ----------------------------------------------------------------------

      Code (inc. data)   RO Data    RW Data    ZI Data      Debug   Library Name

        90         16          0          0          0         68   mc_w.l

    ----------------------------------------------------------------------
        92         16          0          0          0         68   Library Totals

    ----------------------------------------------------------------------

==============================================================================


      Code (inc. data)   RO Data    RW Data    ZI Data      Debug   

       312         52        992          4       3664      12999   Grand Totals
       312         52        992          4       3664      12999   ELF Image Totals
       312         52        992          4          0          0   ROM Totals

==============================================================================

    Total RO  Size (Code + RO Data)                 1304 (   1.27kB)
    Total RW  Size (RW Data + ZI Data)              3668 (   3.58kB)
    Total ROM Size (Code + RO Data + RW Data)       1308 (   1.28kB)

==============================================================================

